../Core/Src/main.c:70:6:Stop	8	static
../Core/Src/main.c:79:6:MoveForward	8	static
../Core/Src/main.c:88:6:MoveBackward	8	static
../Core/Src/main.c:97:6:TurnRight	8	static
../Core/Src/main.c:106:6:TurnLeft	8	static
../Core/Src/main.c:147:5:main	8	static
../Core/Src/main.c:226:6:SystemClock_Config	88	static
../Core/Src/main.c:272:13:MX_ETH_Init	8	static
../Core/Src/main.c:321:13:MX_USART3_UART_Init	8	static
../Core/Src/main.c:354:13:MX_USB_OTG_FS_PCD_Init	8	static
../Core/Src/main.c:389:13:MX_GPIO_Init	56	static
../Core/Src/main.c:480:6:Error_Handler	4	static,ignoring_inline_asm
